[0.012s][info][gc,heap] Heap region size: 1M
[0.015s][info][gc     ] Using G1
[0.015s][info][gc,heap,coops] Heap address: 0x0000000780000000, size: 2048 MB, Compressed Oops mode: Zero based, Oop shift amount: 3
[0.739s][info][gc,start     ] GC(0) Pause Young (Normal) (G1 Evacuation Pause)
[0.739s][info][gc,task      ] GC(0) Using 3 workers of 4 for evacuation
[0.745s][info][gc,phases    ] GC(0)   Pre Evacuate Collection Set: 0.0ms
[0.745s][info][gc,phases    ] GC(0)   Evacuate Collection Set: 5.2ms
[0.745s][info][gc,phases    ] GC(0)   Post Evacuate Collection Set: 0.2ms
[0.745s][info][gc,phases    ] GC(0)   Other: 0.2ms
[0.745s][info][gc,heap      ] GC(0) Eden regions: 14->0(27)
[0.745s][info][gc,heap      ] GC(0) Survivor regions: 0->2(2)
[0.745s][info][gc,heap      ] GC(0) Old regions: 0->4
[0.745s][info][gc,heap      ] GC(0) Humongous regions: 0->0
[0.745s][info][gc,metaspace ] GC(0) Metaspace: 12653K->12653K(1060864K)
[0.745s][info][gc           ] GC(0) Pause Young (Normal) (G1 Evacuation Pause) 14M->5M(128M) 5.775ms
[0.745s][info][gc,cpu       ] GC(0) User=0.01s Sys=0.01s Real=0.01s
[0.977s][info][gc,start     ] GC(1) Pause Young (Normal) (G1 Evacuation Pause)
[0.977s][info][gc,task      ] GC(1) Using 4 workers of 4 for evacuation
[0.982s][info][gc,phases    ] GC(1)   Pre Evacuate Collection Set: 0.0ms
[0.982s][info][gc,phases    ] GC(1)   Evacuate Collection Set: 4.7ms
[0.982s][info][gc,phases    ] GC(1)   Post Evacuate Collection Set: 0.2ms
[0.982s][info][gc,phases    ] GC(1)   Other: 0.2ms
[0.982s][info][gc,heap      ] GC(1) Eden regions: 14->0(27)
[0.982s][info][gc,heap      ] GC(1) Survivor regions: 2->2(2)
[0.982s][info][gc,heap      ] GC(1) Old regions: 4->6
[0.982s][info][gc,heap      ] GC(1) Humongous regions: 0->0
[0.982s][info][gc,metaspace ] GC(1) Metaspace: 16141K->16141K(1064960K)
[0.982s][info][gc           ] GC(1) Pause Young (Normal) (G1 Evacuation Pause) 19M->6M(128M) 5.290ms
[0.982s][info][gc,cpu       ] GC(1) User=0.01s Sys=0.00s Real=0.01s
[1.178s][info][gc,start     ] GC(2) Pause Young (Concurrent Start) (Metadata GC Threshold)
[1.178s][info][gc,task      ] GC(2) Using 4 workers of 4 for evacuation
[1.183s][info][gc,phases    ] GC(2)   Pre Evacuate Collection Set: 0.0ms
[1.183s][info][gc,phases    ] GC(2)   Evacuate Collection Set: 5.1ms
[1.183s][info][gc,phases    ] GC(2)   Post Evacuate Collection Set: 0.2ms
[1.183s][info][gc,phases    ] GC(2)   Other: 0.2ms
[1.183s][info][gc,heap      ] GC(2) Eden regions: 23->0(73)
[1.183s][info][gc,heap      ] GC(2) Survivor regions: 2->3(4)
[1.183s][info][gc,heap      ] GC(2) Old regions: 6->6
[1.183s][info][gc,heap      ] GC(2) Humongous regions: 0->0
[1.183s][info][gc,metaspace ] GC(2) Metaspace: 20507K->20507K(1069056K)
[1.183s][info][gc           ] GC(2) Pause Young (Concurrent Start) (Metadata GC Threshold) 29M->7M(128M) 5.680ms
[1.183s][info][gc,cpu       ] GC(2) User=0.01s Sys=0.01s Real=0.01s
[1.183s][info][gc           ] GC(3) Concurrent Cycle
[1.183s][info][gc,marking   ] GC(3) Concurrent Clear Claimed Marks
[1.184s][info][gc,marking   ] GC(3) Concurrent Clear Claimed Marks 0.044ms
[1.184s][info][gc,marking   ] GC(3) Concurrent Scan Root Regions
[1.186s][info][gc,marking   ] GC(3) Concurrent Scan Root Regions 2.927ms
[1.187s][info][gc,marking   ] GC(3) Concurrent Mark (1.187s)
[1.187s][info][gc,marking   ] GC(3) Concurrent Mark From Roots
[1.187s][info][gc,task      ] GC(3) Using 1 workers of 1 for marking
[1.193s][info][gc,marking   ] GC(3) Concurrent Mark From Roots 6.831ms
[1.193s][info][gc,marking   ] GC(3) Concurrent Preclean
[1.193s][info][gc,marking   ] GC(3) Concurrent Preclean 0.047ms
[1.193s][info][gc,marking   ] GC(3) Concurrent Mark (1.187s, 1.193s) 6.946ms
[1.194s][info][gc,start     ] GC(3) Pause Remark
[1.195s][info][gc,stringtable] GC(3) Cleaned string and symbol table, strings: 8706 processed, 5 removed, symbols: 68879 processed, 54 removed
[1.195s][info][gc            ] GC(3) Pause Remark 9M->9M(128M) 1.852ms
[1.195s][info][gc,cpu        ] GC(3) User=0.00s Sys=0.00s Real=0.00s
[1.195s][info][gc,marking    ] GC(3) Concurrent Rebuild Remembered Sets
[1.199s][info][gc,marking    ] GC(3) Concurrent Rebuild Remembered Sets 3.925ms
[1.200s][info][gc,start      ] GC(3) Pause Cleanup
[1.200s][info][gc            ] GC(3) Pause Cleanup 9M->9M(128M) 0.063ms
[1.200s][info][gc,cpu        ] GC(3) User=0.00s Sys=0.00s Real=0.00s
[1.200s][info][gc,marking    ] GC(3) Concurrent Cleanup for Next Mark
[1.202s][info][gc,marking    ] GC(3) Concurrent Cleanup for Next Mark 2.427ms
[1.202s][info][gc            ] GC(3) Concurrent Cycle 18.730ms
[2.237s][info][gc,start      ] GC(4) Pause Young (Normal) (G1 Evacuation Pause)
[2.237s][info][gc,task       ] GC(4) Using 3 workers of 4 for evacuation
[2.249s][info][gc,phases     ] GC(4)   Pre Evacuate Collection Set: 0.0ms
[2.249s][info][gc,phases     ] GC(4)   Evacuate Collection Set: 11.2ms
[2.249s][info][gc,phases     ] GC(4)   Post Evacuate Collection Set: 0.3ms
[2.249s][info][gc,phases     ] GC(4)   Other: 0.2ms
[2.249s][info][gc,heap       ] GC(4) Eden regions: 73->0(69)
[2.249s][info][gc,heap       ] GC(4) Survivor regions: 3->7(10)
[2.249s][info][gc,heap       ] GC(4) Old regions: 6->6
[2.249s][info][gc,heap       ] GC(4) Humongous regions: 0->0
[2.249s][info][gc,metaspace  ] GC(4) Metaspace: 29259K->29259K(1075200K)
[2.249s][info][gc            ] GC(4) Pause Young (Normal) (G1 Evacuation Pause) 80M->12M(128M) 11.788ms
[2.249s][info][gc,cpu        ] GC(4) User=0.03s Sys=0.00s Real=0.01s
[2.872s][info][gc,start      ] GC(5) Pause Young (Concurrent Start) (Metadata GC Threshold)
[2.872s][info][gc,task       ] GC(5) Using 3 workers of 4 for evacuation
[2.888s][info][gc,phases     ] GC(5)   Pre Evacuate Collection Set: 0.1ms
[2.888s][info][gc,phases     ] GC(5)   Evacuate Collection Set: 14.7ms
[2.888s][info][gc,phases     ] GC(5)   Post Evacuate Collection Set: 0.5ms
[2.888s][info][gc,phases     ] GC(5)   Other: 0.1ms
[2.888s][info][gc,heap       ] GC(5) Eden regions: 54->0(81)
[2.888s][info][gc,heap       ] GC(5) Survivor regions: 7->8(10)
[2.888s][info][gc,heap       ] GC(5) Old regions: 6->8
[2.888s][info][gc,heap       ] GC(5) Humongous regions: 0->0
[2.888s][info][gc,metaspace  ] GC(5) Metaspace: 34851K->34851K(1081344K)
[2.888s][info][gc            ] GC(5) Pause Young (Concurrent Start) (Metadata GC Threshold) 65M->15M(154M) 15.511ms
[2.888s][info][gc,cpu        ] GC(5) User=0.03s Sys=0.00s Real=0.01s
[2.888s][info][gc            ] GC(6) Concurrent Cycle
[2.888s][info][gc,marking    ] GC(6) Concurrent Clear Claimed Marks
[2.888s][info][gc,marking    ] GC(6) Concurrent Clear Claimed Marks 0.065ms
[2.888s][info][gc,marking    ] GC(6) Concurrent Scan Root Regions
[2.894s][info][gc,marking    ] GC(6) Concurrent Scan Root Regions 5.924ms
[2.894s][info][gc,marking    ] GC(6) Concurrent Mark (2.894s)
[2.894s][info][gc,marking    ] GC(6) Concurrent Mark From Roots
[2.894s][info][gc,task       ] GC(6) Using 1 workers of 1 for marking
[2.904s][info][gc,marking    ] GC(6) Concurrent Mark From Roots 10.023ms
[2.904s][info][gc,marking    ] GC(6) Concurrent Preclean
[2.904s][info][gc,marking    ] GC(6) Concurrent Preclean 0.044ms
[2.904s][info][gc,marking    ] GC(6) Concurrent Mark (2.894s, 2.904s) 10.144ms
[2.904s][info][gc,start      ] GC(6) Pause Remark
[2.908s][info][gc,stringtable] GC(6) Cleaned string and symbol table, strings: 17537 processed, 0 removed, symbols: 119997 processed, 298 removed
[2.908s][info][gc            ] GC(6) Pause Remark 17M->17M(154M) 3.778ms
[2.908s][info][gc,cpu        ] GC(6) User=0.01s Sys=0.00s Real=0.00s
[2.908s][info][gc,marking    ] GC(6) Concurrent Rebuild Remembered Sets
[2.913s][info][gc,marking    ] GC(6) Concurrent Rebuild Remembered Sets 5.073ms
[2.913s][info][gc,start      ] GC(6) Pause Cleanup
[2.913s][info][gc            ] GC(6) Pause Cleanup 17M->17M(154M) 0.049ms
[2.913s][info][gc,cpu        ] GC(6) User=0.00s Sys=0.00s Real=0.00s
[2.913s][info][gc,marking    ] GC(6) Concurrent Cleanup for Next Mark
[2.917s][info][gc,marking    ] GC(6) Concurrent Cleanup for Next Mark 4.003ms
[2.918s][info][gc            ] GC(6) Concurrent Cycle 29.531ms
[3.874s][info][gc,start      ] GC(7) Pause Young (Normal) (G1 Evacuation Pause)
[3.874s][info][gc,task       ] GC(7) Using 4 workers of 4 for evacuation
[3.889s][info][gc,phases     ] GC(7)   Pre Evacuate Collection Set: 0.0ms
[3.889s][info][gc,phases     ] GC(7)   Evacuate Collection Set: 14.3ms
[3.889s][info][gc,phases     ] GC(7)   Post Evacuate Collection Set: 0.3ms
[3.889s][info][gc,phases     ] GC(7)   Other: 0.2ms
[3.889s][info][gc,heap       ] GC(7) Eden regions: 81->0(80)
[3.889s][info][gc,heap       ] GC(7) Survivor regions: 8->12(12)
[3.889s][info][gc,heap       ] GC(7) Old regions: 8->12
[3.889s][info][gc,heap       ] GC(7) Humongous regions: 0->0
[3.889s][info][gc,metaspace  ] GC(7) Metaspace: 43202K->43202K(1087488K)
[3.889s][info][gc            ] GC(7) Pause Young (Normal) (G1 Evacuation Pause) 96M->23M(154M) 14.852ms
[3.889s][info][gc,cpu        ] GC(7) User=0.05s Sys=0.00s Real=0.01s
[57.122s][info][gc,heap,exit  ] Heap
[57.122s][info][gc,heap,exit  ]  garbage-first heap   total 157696K, used 77289K [0x0000000780000000, 0x0000000800000000)
[57.122s][info][gc,heap,exit  ]   region size 1024K, 65 young (66560K), 12 survivors (12288K)
[57.122s][info][gc,heap,exit  ]  Metaspace       used 46521K, capacity 47913K, committed 48208K, reserved 1091584K
[57.122s][info][gc,heap,exit  ]   class space    used 5882K, capacity 6440K, committed 6528K, reserved 1048576K
