[0.013s][info][gc,heap] Heap region size: 1M
[0.016s][info][gc     ] Using G1
[0.016s][info][gc,heap,coops] Heap address: 0x0000000780000000, size: 2048 MB, Compressed Oops mode: Zero based, Oop shift amount: 3
[0.626s][info][gc,start     ] GC(0) Pause Young (Normal) (G1 Evacuation Pause)
[0.627s][info][gc,task      ] GC(0) Using 3 workers of 4 for evacuation
[0.633s][info][gc,phases    ] GC(0)   Pre Evacuate Collection Set: 0.0ms
[0.633s][info][gc,phases    ] GC(0)   Evacuate Collection Set: 6.0ms
[0.633s][info][gc,phases    ] GC(0)   Post Evacuate Collection Set: 0.2ms
[0.633s][info][gc,phases    ] GC(0)   Other: 0.3ms
[0.633s][info][gc,heap      ] GC(0) Eden regions: 14->0(12)
[0.633s][info][gc,heap      ] GC(0) Survivor regions: 0->2(2)
[0.633s][info][gc,heap      ] GC(0) Old regions: 0->4
[0.633s][info][gc,heap      ] GC(0) Humongous regions: 0->0
[0.633s][info][gc,metaspace ] GC(0) Metaspace: 12526K->12526K(1060864K)
[0.633s][info][gc           ] GC(0) Pause Young (Normal) (G1 Evacuation Pause) 14M->5M(128M) 6.714ms
[0.633s][info][gc,cpu       ] GC(0) User=0.02s Sys=0.00s Real=0.01s
[0.712s][info][gc,start     ] GC(1) Pause Young (Normal) (G1 Evacuation Pause)
[0.712s][info][gc,task      ] GC(1) Using 3 workers of 4 for evacuation
[0.716s][info][gc,phases    ] GC(1)   Pre Evacuate Collection Set: 0.0ms
[0.716s][info][gc,phases    ] GC(1)   Evacuate Collection Set: 3.8ms
[0.716s][info][gc,phases    ] GC(1)   Post Evacuate Collection Set: 0.1ms
[0.716s][info][gc,phases    ] GC(1)   Other: 0.1ms
[0.716s][info][gc,heap      ] GC(1) Eden regions: 4->0(19)
[0.716s][info][gc,heap      ] GC(1) Survivor regions: 2->1(1)
[0.716s][info][gc,heap      ] GC(1) Old regions: 4->6
[0.716s][info][gc,heap      ] GC(1) Humongous regions: 0->0
[0.716s][info][gc,metaspace ] GC(1) Metaspace: 13502K->13502K(1060864K)
[0.717s][info][gc           ] GC(1) Pause Young (Normal) (G1 Evacuation Pause) 9M->6M(128M) 4.110ms
[0.717s][info][gc,cpu       ] GC(1) User=0.00s Sys=0.00s Real=0.00s
[0.973s][info][gc,start     ] GC(2) Pause Young (Normal) (GCLocker Initiated GC)
[0.973s][info][gc,task      ] GC(2) Using 4 workers of 4 for evacuation
[0.976s][info][gc,phases    ] GC(2)   Pre Evacuate Collection Set: 0.0ms
[0.976s][info][gc,phases    ] GC(2)   Evacuate Collection Set: 2.5ms
[0.976s][info][gc,phases    ] GC(2)   Post Evacuate Collection Set: 0.3ms
[0.976s][info][gc,phases    ] GC(2)   Other: 0.2ms
[0.976s][info][gc,heap      ] GC(2) Eden regions: 20->0(38)
[0.976s][info][gc,heap      ] GC(2) Survivor regions: 1->2(3)
[0.976s][info][gc,heap      ] GC(2) Old regions: 6->6
[0.976s][info][gc,heap      ] GC(2) Humongous regions: 0->0
[0.976s][info][gc,metaspace ] GC(2) Metaspace: 17681K->17681K(1064960K)
[0.976s][info][gc           ] GC(2) Pause Young (Normal) (GCLocker Initiated GC) 25M->7M(128M) 3.139ms
[0.976s][info][gc,cpu       ] GC(2) User=0.01s Sys=0.00s Real=0.00s
[1.135s][info][gc,start     ] GC(3) Pause Young (Concurrent Start) (Metadata GC Threshold)
[1.135s][info][gc,task      ] GC(3) Using 4 workers of 4 for evacuation
[1.139s][info][gc,phases    ] GC(3)   Pre Evacuate Collection Set: 0.0ms
[1.139s][info][gc,phases    ] GC(3)   Evacuate Collection Set: 3.8ms
[1.139s][info][gc,phases    ] GC(3)   Post Evacuate Collection Set: 0.2ms
[1.140s][info][gc,phases    ] GC(3)   Other: 0.2ms
[1.140s][info][gc,heap      ] GC(3) Eden regions: 19->0(43)
[1.140s][info][gc,heap      ] GC(3) Survivor regions: 2->3(5)
[1.140s][info][gc,heap      ] GC(3) Old regions: 6->6
[1.140s][info][gc,heap      ] GC(3) Humongous regions: 0->0
[1.140s][info][gc,metaspace ] GC(3) Metaspace: 20497K->20497K(1069056K)
[1.140s][info][gc           ] GC(3) Pause Young (Concurrent Start) (Metadata GC Threshold) 26M->8M(128M) 4.358ms
[1.140s][info][gc,cpu       ] GC(3) User=0.02s Sys=0.00s Real=0.01s
[1.140s][info][gc           ] GC(4) Concurrent Cycle
[1.140s][info][gc,marking   ] GC(4) Concurrent Clear Claimed Marks
[1.140s][info][gc,marking   ] GC(4) Concurrent Clear Claimed Marks 0.045ms
[1.140s][info][gc,marking   ] GC(4) Concurrent Scan Root Regions
[1.143s][info][gc,marking   ] GC(4) Concurrent Scan Root Regions 2.898ms
[1.143s][info][gc,marking   ] GC(4) Concurrent Mark (1.143s)
[1.143s][info][gc,marking   ] GC(4) Concurrent Mark From Roots
[1.143s][info][gc,task      ] GC(4) Using 1 workers of 1 for marking
[1.151s][info][gc,marking   ] GC(4) Concurrent Mark From Roots 7.835ms
[1.151s][info][gc,marking   ] GC(4) Concurrent Preclean
[1.151s][info][gc,marking   ] GC(4) Concurrent Preclean 0.052ms
[1.151s][info][gc,marking   ] GC(4) Concurrent Mark (1.143s, 1.151s) 7.960ms
[1.151s][info][gc,start     ] GC(4) Pause Remark
[1.153s][info][gc,stringtable] GC(4) Cleaned string and symbol table, strings: 8769 processed, 6 removed, symbols: 69832 processed, 54 removed
[1.153s][info][gc            ] GC(4) Pause Remark 9M->9M(128M) 2.055ms
[1.153s][info][gc,cpu        ] GC(4) User=0.00s Sys=0.00s Real=0.00s
[1.153s][info][gc,marking    ] GC(4) Concurrent Rebuild Remembered Sets
[1.157s][info][gc,marking    ] GC(4) Concurrent Rebuild Remembered Sets 3.807ms
[1.157s][info][gc,start      ] GC(4) Pause Cleanup
[1.157s][info][gc            ] GC(4) Pause Cleanup 10M->10M(128M) 0.057ms
[1.157s][info][gc,cpu        ] GC(4) User=0.00s Sys=0.00s Real=0.00s
[1.157s][info][gc,marking    ] GC(4) Concurrent Cleanup for Next Mark
[1.158s][info][gc,marking    ] GC(4) Concurrent Cleanup for Next Mark 1.349ms
[1.159s][info][gc            ] GC(4) Concurrent Cycle 18.854ms
[1.789s][info][gc,start      ] GC(5) Pause Young (Concurrent Start) (G1 Evacuation Pause)
[1.789s][info][gc,task       ] GC(5) Using 3 workers of 4 for evacuation
[1.800s][info][gc,phases     ] GC(5)   Pre Evacuate Collection Set: 0.1ms
[1.800s][info][gc,phases     ] GC(5)   Evacuate Collection Set: 10.3ms
[1.800s][info][gc,phases     ] GC(5)   Post Evacuate Collection Set: 0.7ms
[1.800s][info][gc,phases     ] GC(5)   Other: 0.2ms
[1.800s][info][gc,heap       ] GC(5) Eden regions: 43->0(67)
[1.800s][info][gc,heap       ] GC(5) Survivor regions: 3->5(6)
[1.800s][info][gc,heap       ] GC(5) Old regions: 6->6
[1.800s][info][gc,heap       ] GC(5) Humongous regions: 0->0
[1.800s][info][gc,metaspace  ] GC(5) Metaspace: 27174K->27174K(1073152K)
[1.800s][info][gc            ] GC(5) Pause Young (Concurrent Start) (G1 Evacuation Pause) 51M->10M(154M) 11.391ms
[1.800s][info][gc,cpu        ] GC(5) User=0.02s Sys=0.00s Real=0.01s
[1.800s][info][gc            ] GC(6) Concurrent Cycle
[1.800s][info][gc,marking    ] GC(6) Concurrent Clear Claimed Marks
[1.800s][info][gc,marking    ] GC(6) Concurrent Clear Claimed Marks 0.064ms
[1.800s][info][gc,marking    ] GC(6) Concurrent Scan Root Regions
[1.806s][info][gc,marking    ] GC(6) Concurrent Scan Root Regions 5.612ms
[1.806s][info][gc,marking    ] GC(6) Concurrent Mark (1.806s)
[1.806s][info][gc,marking    ] GC(6) Concurrent Mark From Roots
[1.806s][info][gc,task       ] GC(6) Using 1 workers of 1 for marking
[1.813s][info][gc,marking    ] GC(6) Concurrent Mark From Roots 7.029ms
[1.813s][info][gc,marking    ] GC(6) Concurrent Preclean
[1.813s][info][gc,marking    ] GC(6) Concurrent Preclean 0.048ms
[1.813s][info][gc,marking    ] GC(6) Concurrent Mark (1.806s, 1.813s) 7.158ms
[1.813s][info][gc,start      ] GC(6) Pause Remark
[1.817s][info][gc,stringtable] GC(6) Cleaned string and symbol table, strings: 13031 processed, 0 removed, symbols: 92101 processed, 68 removed
[1.828s][info][gc            ] GC(6) Pause Remark 11M->11M(154M) 14.234ms
[1.838s][info][gc,cpu        ] GC(6) User=0.01s Sys=0.01s Real=0.03s
[1.850s][info][gc,marking    ] GC(6) Concurrent Rebuild Remembered Sets
[1.854s][info][gc,marking    ] GC(6) Concurrent Rebuild Remembered Sets 3.771ms
[1.854s][info][gc,start      ] GC(6) Pause Cleanup
[1.855s][info][gc            ] GC(6) Pause Cleanup 11M->11M(154M) 0.065ms
[1.855s][info][gc,cpu        ] GC(6) User=0.00s Sys=0.00s Real=0.00s
[1.855s][info][gc,marking    ] GC(6) Concurrent Cleanup for Next Mark
[1.857s][info][gc,marking    ] GC(6) Concurrent Cleanup for Next Mark 1.961ms
[1.857s][info][gc            ] GC(6) Concurrent Cycle 56.231ms
[2.569s][info][gc,start      ] GC(7) Pause Young (Normal) (G1 Evacuation Pause)
[2.570s][info][gc,task       ] GC(7) Using 3 workers of 4 for evacuation
[2.580s][info][gc,phases     ] GC(7)   Pre Evacuate Collection Set: 0.0ms
[2.580s][info][gc,phases     ] GC(7)   Evacuate Collection Set: 9.6ms
[2.580s][info][gc,phases     ] GC(7)   Post Evacuate Collection Set: 0.4ms
[2.580s][info][gc,phases     ] GC(7)   Other: 0.1ms
[2.580s][info][gc,heap       ] GC(7) Eden regions: 67->0(77)
[2.580s][info][gc,heap       ] GC(7) Survivor regions: 5->7(9)
[2.580s][info][gc,heap       ] GC(7) Old regions: 6->8
[2.580s][info][gc,heap       ] GC(7) Humongous regions: 0->0
[2.580s][info][gc,metaspace  ] GC(7) Metaspace: 33065K->33065K(1079296K)
[2.580s][info][gc            ] GC(7) Pause Young (Normal) (G1 Evacuation Pause) 77M->14M(154M) 10.196ms
[2.580s][info][gc,cpu        ] GC(7) User=0.03s Sys=0.01s Real=0.01s
[3.418s][info][gc,start      ] GC(8) Pause Young (Normal) (G1 Evacuation Pause)
[3.418s][info][gc,task       ] GC(8) Using 4 workers of 4 for evacuation
[3.433s][info][gc,phases     ] GC(8)   Pre Evacuate Collection Set: 0.0ms
[3.433s][info][gc,phases     ] GC(8)   Evacuate Collection Set: 14.0ms
[3.433s][info][gc,phases     ] GC(8)   Post Evacuate Collection Set: 0.3ms
[3.433s][info][gc,phases     ] GC(8)   Other: 0.1ms
[3.433s][info][gc,heap       ] GC(8) Eden regions: 77->0(80)
[3.433s][info][gc,heap       ] GC(8) Survivor regions: 7->11(11)
[3.433s][info][gc,heap       ] GC(8) Old regions: 8->11
[3.433s][info][gc,heap       ] GC(8) Humongous regions: 0->0
[3.433s][info][gc,metaspace  ] GC(8) Metaspace: 40962K->40962K(1085440K)
[3.433s][info][gc            ] GC(8) Pause Young (Normal) (G1 Evacuation Pause) 91M->21M(154M) 14.513ms
[3.433s][info][gc,cpu        ] GC(8) User=0.04s Sys=0.01s Real=0.01s
[3.869s][info][gc,start      ] GC(9) Pause Young (Concurrent Start) (Metadata GC Threshold)
[3.869s][info][gc,task       ] GC(9) Using 4 workers of 4 for evacuation
[3.883s][info][gc,phases     ] GC(9)   Pre Evacuate Collection Set: 0.1ms
[3.883s][info][gc,phases     ] GC(9)   Evacuate Collection Set: 14.0ms
[3.883s][info][gc,phases     ] GC(9)   Post Evacuate Collection Set: 0.2ms
[3.883s][info][gc,phases     ] GC(9)   Other: 0.1ms
[3.883s][info][gc,heap       ] GC(9) Eden regions: 61->0(75)
[3.883s][info][gc,heap       ] GC(9) Survivor regions: 11->5(12)
[3.883s][info][gc,heap       ] GC(9) Old regions: 11->22
[3.884s][info][gc,heap       ] GC(9) Humongous regions: 0->0
[3.884s][info][gc,metaspace  ] GC(9) Metaspace: 45438K->45438K(1089536K)
[3.884s][info][gc            ] GC(9) Pause Young (Concurrent Start) (Metadata GC Threshold) 82M->26M(154M) 14.488ms
[3.884s][info][gc,cpu        ] GC(9) User=0.05s Sys=0.01s Real=0.01s
[3.884s][info][gc            ] GC(10) Concurrent Cycle
[3.884s][info][gc,marking    ] GC(10) Concurrent Clear Claimed Marks
[3.884s][info][gc,marking    ] GC(10) Concurrent Clear Claimed Marks 0.097ms
[3.884s][info][gc,marking    ] GC(10) Concurrent Scan Root Regions
[3.888s][info][gc,marking    ] GC(10) Concurrent Scan Root Regions 4.151ms
[3.888s][info][gc,marking    ] GC(10) Concurrent Mark (3.888s)
[3.888s][info][gc,marking    ] GC(10) Concurrent Mark From Roots
[3.888s][info][gc,task       ] GC(10) Using 1 workers of 1 for marking
[3.916s][info][gc,marking    ] GC(10) Concurrent Mark From Roots 28.168ms
[3.916s][info][gc,marking    ] GC(10) Concurrent Preclean
[3.916s][info][gc,marking    ] GC(10) Concurrent Preclean 0.074ms
[3.916s][info][gc,marking    ] GC(10) Concurrent Mark (3.888s, 3.916s) 28.300ms
[3.916s][info][gc,start      ] GC(10) Pause Remark
[3.921s][info][gc,stringtable] GC(10) Cleaned string and symbol table, strings: 26724 processed, 68 removed, symbols: 149624 processed, 447 removed
[3.922s][info][gc            ] GC(10) Pause Remark 31M->31M(154M) 5.196ms
[3.922s][info][gc,cpu        ] GC(10) User=0.02s Sys=0.00s Real=0.01s
[3.922s][info][gc,marking    ] GC(10) Concurrent Rebuild Remembered Sets
[3.941s][info][gc,marking    ] GC(10) Concurrent Rebuild Remembered Sets 19.617ms
[3.941s][info][gc,start      ] GC(10) Pause Cleanup
[3.941s][info][gc            ] GC(10) Pause Cleanup 34M->34M(154M) 0.052ms
[3.941s][info][gc,cpu        ] GC(10) User=0.00s Sys=0.00s Real=0.00s
[3.941s][info][gc,marking    ] GC(10) Concurrent Cleanup for Next Mark
[3.942s][info][gc,marking    ] GC(10) Concurrent Cleanup for Next Mark 0.467ms
[3.942s][info][gc            ] GC(10) Concurrent Cycle 58.345ms
[832.428s][info][gc,heap,exit  ] Heap
[832.428s][info][gc,heap,exit  ]  garbage-first heap   total 157696K, used 81623K [0x0000000780000000, 0x0000000800000000)
[832.428s][info][gc,heap,exit  ]   region size 1024K, 60 young (61440K), 5 survivors (5120K)
[832.428s][info][gc,heap,exit  ]  Metaspace       used 50337K, capacity 51784K, committed 51920K, reserved 1093632K
[832.428s][info][gc,heap,exit  ]   class space    used 6364K, capacity 6957K, committed 6988K, reserved 1048576K
