[0.024s][info][gc,heap] Heap region size: 1M
[0.028s][info][gc     ] Using G1
[0.028s][info][gc,heap,coops] Heap address: 0x0000000780000000, size: 2048 MB, Compressed Oops mode: Zero based, Oop shift amount: 3
[0.817s][info][gc,start     ] GC(0) Pause Young (Normal) (G1 Evacuation Pause)
[0.817s][info][gc,task      ] GC(0) Using 3 workers of 4 for evacuation
[0.822s][info][gc,phases    ] GC(0)   Pre Evacuate Collection Set: 0.0ms
[0.822s][info][gc,phases    ] GC(0)   Evacuate Collection Set: 5.1ms
[0.822s][info][gc,phases    ] GC(0)   Post Evacuate Collection Set: 0.2ms
[0.822s][info][gc,phases    ] GC(0)   Other: 0.3ms
[0.822s][info][gc,heap      ] GC(0) Eden regions: 14->0(59)
[0.822s][info][gc,heap      ] GC(0) Survivor regions: 0->2(2)
[0.822s][info][gc,heap      ] GC(0) Old regions: 0->4
[0.823s][info][gc,heap      ] GC(0) Humongous regions: 0->0
[0.823s][info][gc,metaspace ] GC(0) Metaspace: 12611K->12611K(1060864K)
[0.823s][info][gc           ] GC(0) Pause Young (Normal) (G1 Evacuation Pause) 14M->5M(128M) 5.948ms
[0.823s][info][gc,cpu       ] GC(0) User=0.01s Sys=0.01s Real=0.01s
[1.010s][info][gc,start     ] GC(1) Pause Young (Normal) (G1 Evacuation Pause)
[1.011s][info][gc,task      ] GC(1) Using 4 workers of 4 for evacuation
[1.015s][info][gc,phases    ] GC(1)   Pre Evacuate Collection Set: 0.0ms
[1.015s][info][gc,phases    ] GC(1)   Evacuate Collection Set: 4.0ms
[1.016s][info][gc,phases    ] GC(1)   Post Evacuate Collection Set: 0.7ms
[1.016s][info][gc,phases    ] GC(1)   Other: 0.3ms
[1.016s][info][gc,heap      ] GC(1) Eden regions: 10->0(23)
[1.016s][info][gc,heap      ] GC(1) Survivor regions: 2->1(2)
[1.016s][info][gc,heap      ] GC(1) Old regions: 4->6
[1.016s][info][gc,heap      ] GC(1) Humongous regions: 0->0
[1.016s][info][gc,metaspace ] GC(1) Metaspace: 14704K->14704K(1062912K)
[1.016s][info][gc           ] GC(1) Pause Young (Normal) (G1 Evacuation Pause) 15M->6M(128M) 5.110ms
[1.016s][info][gc,cpu       ] GC(1) User=0.01s Sys=0.00s Real=0.00s
[1.237s][info][gc,start     ] GC(2) Pause Young (Normal) (G1 Evacuation Pause)
[1.237s][info][gc,task      ] GC(2) Using 4 workers of 4 for evacuation
[1.245s][info][gc,phases    ] GC(2)   Pre Evacuate Collection Set: 0.0ms
[1.245s][info][gc,phases    ] GC(2)   Evacuate Collection Set: 7.9ms
[1.245s][info][gc,phases    ] GC(2)   Post Evacuate Collection Set: 0.4ms
[1.245s][info][gc,phases    ] GC(2)   Other: 0.1ms
[1.245s][info][gc,heap      ] GC(2) Eden regions: 23->0(35)
[1.245s][info][gc,heap      ] GC(2) Survivor regions: 1->3(3)
[1.245s][info][gc,heap      ] GC(2) Old regions: 6->6
[1.245s][info][gc,heap      ] GC(2) Humongous regions: 0->0
[1.245s][info][gc,metaspace ] GC(2) Metaspace: 18992K->18992K(1067008K)
[1.246s][info][gc           ] GC(2) Pause Young (Normal) (G1 Evacuation Pause) 29M->7M(128M) 8.667ms
[1.246s][info][gc,cpu       ] GC(2) User=0.01s Sys=0.00s Real=0.00s
[1.288s][info][gc,start     ] GC(3) Pause Young (Concurrent Start) (Metadata GC Threshold)
[1.288s][info][gc,task      ] GC(3) Using 4 workers of 4 for evacuation
[1.292s][info][gc,phases    ] GC(3)   Pre Evacuate Collection Set: 0.0ms
[1.292s][info][gc,phases    ] GC(3)   Evacuate Collection Set: 3.6ms
[1.292s][info][gc,phases    ] GC(3)   Post Evacuate Collection Set: 0.1ms
[1.292s][info][gc,phases    ] GC(3)   Other: 0.2ms
[1.292s][info][gc,heap      ] GC(3) Eden regions: 6->0(39)
[1.292s][info][gc,heap      ] GC(3) Survivor regions: 3->3(5)
[1.292s][info][gc,heap      ] GC(3) Old regions: 6->6
[1.292s][info][gc,heap      ] GC(3) Humongous regions: 0->0
[1.292s][info][gc,metaspace ] GC(3) Metaspace: 20562K->20562K(1069056K)
[1.292s][info][gc           ] GC(3) Pause Young (Concurrent Start) (Metadata GC Threshold) 13M->8M(128M) 4.149ms
[1.292s][info][gc,cpu       ] GC(3) User=0.01s Sys=0.00s Real=0.00s
[1.292s][info][gc           ] GC(4) Concurrent Cycle
[1.293s][info][gc,marking   ] GC(4) Concurrent Clear Claimed Marks
[1.293s][info][gc,marking   ] GC(4) Concurrent Clear Claimed Marks 0.045ms
[1.293s][info][gc,marking   ] GC(4) Concurrent Scan Root Regions
[1.296s][info][gc,marking   ] GC(4) Concurrent Scan Root Regions 3.124ms
[1.296s][info][gc,marking   ] GC(4) Concurrent Mark (1.296s)
[1.296s][info][gc,marking   ] GC(4) Concurrent Mark From Roots
[1.296s][info][gc,task      ] GC(4) Using 1 workers of 1 for marking
[1.303s][info][gc,marking   ] GC(4) Concurrent Mark From Roots 6.492ms
[1.303s][info][gc,marking   ] GC(4) Concurrent Preclean
[1.303s][info][gc,marking   ] GC(4) Concurrent Preclean 0.049ms
[1.303s][info][gc,marking   ] GC(4) Concurrent Mark (1.296s, 1.303s) 6.607ms
[1.303s][info][gc,start     ] GC(4) Pause Remark
[1.305s][info][gc,stringtable] GC(4) Cleaned string and symbol table, strings: 10625 processed, 5 removed, symbols: 71019 processed, 53 removed
[1.305s][info][gc            ] GC(4) Pause Remark 9M->9M(128M) 2.465ms
[1.305s][info][gc,cpu        ] GC(4) User=0.01s Sys=0.00s Real=0.00s
[1.305s][info][gc,marking    ] GC(4) Concurrent Rebuild Remembered Sets
[1.310s][info][gc,marking    ] GC(4) Concurrent Rebuild Remembered Sets 4.226ms
[1.310s][info][gc,start      ] GC(4) Pause Cleanup
[1.310s][info][gc            ] GC(4) Pause Cleanup 9M->9M(128M) 0.060ms
[1.310s][info][gc,cpu        ] GC(4) User=0.00s Sys=0.00s Real=0.00s
[1.310s][info][gc,marking    ] GC(4) Concurrent Cleanup for Next Mark
[1.311s][info][gc,marking    ] GC(4) Concurrent Cleanup for Next Mark 1.290ms
[1.311s][info][gc            ] GC(4) Concurrent Cycle 18.643ms
[1.939s][info][gc,start      ] GC(5) Pause Young (Normal) (G1 Evacuation Pause)
[1.939s][info][gc,task       ] GC(5) Using 3 workers of 4 for evacuation
[1.948s][info][gc,phases     ] GC(5)   Pre Evacuate Collection Set: 0.0ms
[1.948s][info][gc,phases     ] GC(5)   Evacuate Collection Set: 8.2ms
[1.948s][info][gc,phases     ] GC(5)   Post Evacuate Collection Set: 0.6ms
[1.948s][info][gc,phases     ] GC(5)   Other: 0.1ms
[1.948s][info][gc,heap       ] GC(5) Eden regions: 39->0(61)
[1.948s][info][gc,heap       ] GC(5) Survivor regions: 3->5(6)
[1.948s][info][gc,heap       ] GC(5) Old regions: 6->6
[1.948s][info][gc,heap       ] GC(5) Humongous regions: 0->0
[1.948s][info][gc,metaspace  ] GC(5) Metaspace: 27109K->27109K(1073152K)
[1.948s][info][gc            ] GC(5) Pause Young (Normal) (G1 Evacuation Pause) 47M->10M(154M) 9.080ms
[1.948s][info][gc,cpu        ] GC(5) User=0.02s Sys=0.01s Real=0.01s
[2.897s][info][gc,start      ] GC(6) Pause Young (Normal) (G1 Evacuation Pause)
[2.897s][info][gc,task       ] GC(6) Using 3 workers of 4 for evacuation
[2.911s][info][gc,phases     ] GC(6)   Pre Evacuate Collection Set: 0.0ms
[2.911s][info][gc,phases     ] GC(6)   Evacuate Collection Set: 13.4ms
[2.911s][info][gc,phases     ] GC(6)   Post Evacuate Collection Set: 0.4ms
[2.911s][info][gc,phases     ] GC(6)   Other: 0.1ms
[2.911s][info][gc,heap       ] GC(6) Eden regions: 61->0(73)
[2.911s][info][gc,heap       ] GC(6) Survivor regions: 5->8(9)
[2.911s][info][gc,heap       ] GC(6) Old regions: 6->7
[2.911s][info][gc,heap       ] GC(6) Humongous regions: 0->0
[2.911s][info][gc,metaspace  ] GC(6) Metaspace: 32541K->32541K(1079296K)
[2.911s][info][gc            ] GC(6) Pause Young (Normal) (G1 Evacuation Pause) 71M->13M(154M) 14.030ms
[2.911s][info][gc,cpu        ] GC(6) User=0.03s Sys=0.00s Real=0.02s
[3.232s][info][gc,start      ] GC(7) Pause Young (Concurrent Start) (Metadata GC Threshold)
[3.232s][info][gc,task       ] GC(7) Using 3 workers of 4 for evacuation
[3.246s][info][gc,phases     ] GC(7)   Pre Evacuate Collection Set: 0.1ms
[3.246s][info][gc,phases     ] GC(7)   Evacuate Collection Set: 13.3ms
[3.246s][info][gc,phases     ] GC(7)   Post Evacuate Collection Set: 0.2ms
[3.246s][info][gc,phases     ] GC(7)   Other: 0.1ms
[3.246s][info][gc,heap       ] GC(7) Eden regions: 29->0(76)
[3.246s][info][gc,heap       ] GC(7) Survivor regions: 8->8(11)
[3.246s][info][gc,heap       ] GC(7) Old regions: 7->9
[3.246s][info][gc,heap       ] GC(7) Humongous regions: 0->0
[3.246s][info][gc,metaspace  ] GC(7) Metaspace: 34849K->34849K(1081344K)
[3.246s][info][gc            ] GC(7) Pause Young (Concurrent Start) (Metadata GC Threshold) 42M->15M(154M) 13.782ms
[3.246s][info][gc,cpu        ] GC(7) User=0.02s Sys=0.00s Real=0.01s
[3.246s][info][gc            ] GC(8) Concurrent Cycle
[3.246s][info][gc,marking    ] GC(8) Concurrent Clear Claimed Marks
[3.246s][info][gc,marking    ] GC(8) Concurrent Clear Claimed Marks 0.085ms
[3.246s][info][gc,marking    ] GC(8) Concurrent Scan Root Regions
[3.253s][info][gc,marking    ] GC(8) Concurrent Scan Root Regions 6.752ms
[3.253s][info][gc,marking    ] GC(8) Concurrent Mark (3.253s)
[3.253s][info][gc,marking    ] GC(8) Concurrent Mark From Roots
[3.253s][info][gc,task       ] GC(8) Using 1 workers of 1 for marking
[3.263s][info][gc,marking    ] GC(8) Concurrent Mark From Roots 9.762ms
[3.263s][info][gc,marking    ] GC(8) Concurrent Preclean
[3.263s][info][gc,marking    ] GC(8) Concurrent Preclean 0.043ms
[3.263s][info][gc,marking    ] GC(8) Concurrent Mark (3.253s, 3.263s) 9.868ms
[3.263s][info][gc,start      ] GC(8) Pause Remark
[3.267s][info][gc,stringtable] GC(8) Cleaned string and symbol table, strings: 17592 processed, 3 removed, symbols: 120253 processed, 298 removed
[3.267s][info][gc            ] GC(8) Pause Remark 17M->17M(154M) 4.142ms
[3.267s][info][gc,cpu        ] GC(8) User=0.01s Sys=0.00s Real=0.01s
[3.267s][info][gc,marking    ] GC(8) Concurrent Rebuild Remembered Sets
[3.275s][info][gc,marking    ] GC(8) Concurrent Rebuild Remembered Sets 8.210ms
[3.275s][info][gc,start      ] GC(8) Pause Cleanup
[3.275s][info][gc            ] GC(8) Pause Cleanup 18M->18M(154M) 0.056ms
[3.275s][info][gc,cpu        ] GC(8) User=0.00s Sys=0.00s Real=0.00s
[3.275s][info][gc,marking    ] GC(8) Concurrent Cleanup for Next Mark
[3.277s][info][gc,marking    ] GC(8) Concurrent Cleanup for Next Mark 1.266ms
[3.277s][info][gc            ] GC(8) Concurrent Cycle 30.865ms
[4.236s][info][gc,start      ] GC(9) Pause Young (Normal) (G1 Evacuation Pause)
[4.236s][info][gc,task       ] GC(9) Using 4 workers of 4 for evacuation
[4.254s][info][gc,phases     ] GC(9)   Pre Evacuate Collection Set: 0.0ms
[4.254s][info][gc,phases     ] GC(9)   Evacuate Collection Set: 17.4ms
[4.254s][info][gc,phases     ] GC(9)   Post Evacuate Collection Set: 0.3ms
[4.254s][info][gc,phases     ] GC(9)   Other: 0.1ms
[4.254s][info][gc,heap       ] GC(9) Eden regions: 76->0(81)
[4.254s][info][gc,heap       ] GC(9) Survivor regions: 8->11(11)
[4.254s][info][gc,heap       ] GC(9) Old regions: 9->13
[4.254s][info][gc,heap       ] GC(9) Humongous regions: 0->0
[4.254s][info][gc,metaspace  ] GC(9) Metaspace: 42934K->42934K(1087488K)
[4.254s][info][gc            ] GC(9) Pause Young (Normal) (G1 Evacuation Pause) 91M->23M(154M) 18.011ms
[4.254s][info][gc,cpu        ] GC(9) User=0.05s Sys=0.01s Real=0.02s
[334.469s][info][gc,heap,exit  ] Heap
[334.470s][info][gc,heap,exit  ]  garbage-first heap   total 157696K, used 105541K [0x0000000780000000, 0x0000000800000000)
[334.470s][info][gc,heap,exit  ]   region size 1024K, 92 young (94208K), 11 survivors (11264K)
[334.470s][info][gc,heap,exit  ]  Metaspace       used 50178K, capacity 51636K, committed 52048K, reserved 1093632K
[334.470s][info][gc,heap,exit  ]   class space    used 6338K, capacity 6914K, committed 7040K, reserved 1048576K
