[0.026s][info][gc,heap] Heap region size: 1M
[0.031s][info][gc     ] Using G1
[0.031s][info][gc,heap,coops] Heap address: 0x0000000780000000, size: 2048 MB, Compressed Oops mode: Zero based, Oop shift amount: 3
[0.905s][info][gc,start     ] GC(0) Pause Young (Normal) (G1 Evacuation Pause)
[0.906s][info][gc,task      ] GC(0) Using 3 workers of 4 for evacuation
[0.914s][info][gc,phases    ] GC(0)   Pre Evacuate Collection Set: 0.0ms
[0.914s][info][gc,phases    ] GC(0)   Evacuate Collection Set: 7.6ms
[0.914s][info][gc,phases    ] GC(0)   Post Evacuate Collection Set: 0.3ms
[0.914s][info][gc,phases    ] GC(0)   Other: 0.3ms
[0.914s][info][gc,heap      ] GC(0) Eden regions: 14->0(22)
[0.914s][info][gc,heap      ] GC(0) Survivor regions: 0->2(2)
[0.914s][info][gc,heap      ] GC(0) Old regions: 0->4
[0.914s][info][gc,heap      ] GC(0) Humongous regions: 0->0
[0.914s][info][gc,metaspace ] GC(0) Metaspace: 12612K->12612K(1060864K)
[0.914s][info][gc           ] GC(0) Pause Young (Normal) (G1 Evacuation Pause) 14M->5M(128M) 8.293ms
[0.914s][info][gc,cpu       ] GC(0) User=0.01s Sys=0.00s Real=0.01s
[1.015s][info][gc,start     ] GC(1) Pause Young (Normal) (G1 Evacuation Pause)
[1.015s][info][gc,task      ] GC(1) Using 3 workers of 4 for evacuation
[1.020s][info][gc,phases    ] GC(1)   Pre Evacuate Collection Set: 0.0ms
[1.020s][info][gc,phases    ] GC(1)   Evacuate Collection Set: 5.3ms
[1.021s][info][gc,phases    ] GC(1)   Post Evacuate Collection Set: 0.1ms
[1.021s][info][gc,phases    ] GC(1)   Other: 0.1ms
[1.021s][info][gc,heap      ] GC(1) Eden regions: 5->0(19)
[1.021s][info][gc,heap      ] GC(1) Survivor regions: 2->1(1)
[1.021s][info][gc,heap      ] GC(1) Old regions: 4->6
[1.021s][info][gc,heap      ] GC(1) Humongous regions: 0->0
[1.021s][info][gc,metaspace ] GC(1) Metaspace: 14080K->14080K(1062912K)
[1.021s][info][gc           ] GC(1) Pause Young (Normal) (G1 Evacuation Pause) 10M->6M(128M) 5.745ms
[1.021s][info][gc,cpu       ] GC(1) User=0.01s Sys=0.00s Real=0.00s
[1.266s][info][gc,start     ] GC(2) Pause Young (Normal) (G1 Evacuation Pause)
[1.266s][info][gc,task      ] GC(2) Using 4 workers of 4 for evacuation
[1.271s][info][gc,phases    ] GC(2)   Pre Evacuate Collection Set: 0.0ms
[1.271s][info][gc,phases    ] GC(2)   Evacuate Collection Set: 3.7ms
[1.271s][info][gc,phases    ] GC(2)   Post Evacuate Collection Set: 0.7ms
[1.271s][info][gc,phases    ] GC(2)   Other: 0.3ms
[1.271s][info][gc,heap      ] GC(2) Eden regions: 19->0(30)
[1.271s][info][gc,heap      ] GC(2) Survivor regions: 1->3(3)
[1.271s][info][gc,heap      ] GC(2) Old regions: 6->6
[1.271s][info][gc,heap      ] GC(2) Humongous regions: 0->0
[1.271s][info][gc,metaspace ] GC(2) Metaspace: 18028K->18028K(1067008K)
[1.271s][info][gc           ] GC(2) Pause Young (Normal) (G1 Evacuation Pause) 25M->7M(128M) 4.885ms
[1.271s][info][gc,cpu       ] GC(2) User=0.01s Sys=0.00s Real=0.00s
[1.381s][info][gc,start     ] GC(3) Pause Young (Concurrent Start) (Metadata GC Threshold)
[1.381s][info][gc,task      ] GC(3) Using 4 workers of 4 for evacuation
[1.387s][info][gc,phases    ] GC(3)   Pre Evacuate Collection Set: 0.0ms
[1.387s][info][gc,phases    ] GC(3)   Evacuate Collection Set: 5.8ms
[1.387s][info][gc,phases    ] GC(3)   Post Evacuate Collection Set: 0.2ms
[1.387s][info][gc,phases    ] GC(3)   Other: 0.2ms
[1.388s][info][gc,heap      ] GC(3) Eden regions: 14->0(39)
[1.388s][info][gc,heap      ] GC(3) Survivor regions: 3->3(5)
[1.388s][info][gc,heap      ] GC(3) Old regions: 6->6
[1.388s][info][gc,heap      ] GC(3) Humongous regions: 0->0
[1.388s][info][gc,metaspace ] GC(3) Metaspace: 20573K->20573K(1069056K)
[1.388s][info][gc           ] GC(3) Pause Young (Concurrent Start) (Metadata GC Threshold) 21M->8M(128M) 6.377ms
[1.388s][info][gc,cpu       ] GC(3) User=0.01s Sys=0.00s Real=0.01s
[1.388s][info][gc           ] GC(4) Concurrent Cycle
[1.388s][info][gc,marking   ] GC(4) Concurrent Clear Claimed Marks
[1.388s][info][gc,marking   ] GC(4) Concurrent Clear Claimed Marks 0.038ms
[1.388s][info][gc,marking   ] GC(4) Concurrent Scan Root Regions
[1.391s][info][gc,marking   ] GC(4) Concurrent Scan Root Regions 3.290ms
[1.391s][info][gc,marking   ] GC(4) Concurrent Mark (1.391s)
[1.391s][info][gc,marking   ] GC(4) Concurrent Mark From Roots
[1.391s][info][gc,task      ] GC(4) Using 1 workers of 1 for marking
[1.398s][info][gc,marking   ] GC(4) Concurrent Mark From Roots 6.844ms
[1.398s][info][gc,marking   ] GC(4) Concurrent Preclean
[1.398s][info][gc,marking   ] GC(4) Concurrent Preclean 0.055ms
[1.398s][info][gc,marking   ] GC(4) Concurrent Mark (1.391s, 1.398s) 6.957ms
[1.398s][info][gc,start     ] GC(4) Pause Remark
[1.400s][info][gc,stringtable] GC(4) Cleaned string and symbol table, strings: 10630 processed, 5 removed, symbols: 70934 processed, 55 removed
[1.400s][info][gc            ] GC(4) Pause Remark 9M->9M(128M) 2.186ms
[1.400s][info][gc,cpu        ] GC(4) User=0.01s Sys=0.00s Real=0.00s
[1.400s][info][gc,marking    ] GC(4) Concurrent Rebuild Remembered Sets
[1.404s][info][gc,marking    ] GC(4) Concurrent Rebuild Remembered Sets 3.728ms
[1.404s][info][gc,start      ] GC(4) Pause Cleanup
[1.404s][info][gc            ] GC(4) Pause Cleanup 9M->9M(128M) 0.047ms
[1.404s][info][gc,cpu        ] GC(4) User=0.00s Sys=0.00s Real=0.00s
[1.404s][info][gc,marking    ] GC(4) Concurrent Cleanup for Next Mark
[1.406s][info][gc,marking    ] GC(4) Concurrent Cleanup for Next Mark 1.537ms
[1.406s][info][gc            ] GC(4) Concurrent Cycle 18.276ms
[1.962s][info][gc,start      ] GC(5) Pause Young (Normal) (G1 Evacuation Pause)
[1.962s][info][gc,task       ] GC(5) Using 3 workers of 4 for evacuation
[1.972s][info][gc,phases     ] GC(5)   Pre Evacuate Collection Set: 0.0ms
[1.972s][info][gc,phases     ] GC(5)   Evacuate Collection Set: 8.9ms
[1.972s][info][gc,phases     ] GC(5)   Post Evacuate Collection Set: 0.6ms
[1.972s][info][gc,phases     ] GC(5)   Other: 0.1ms
[1.972s][info][gc,heap       ] GC(5) Eden regions: 39->0(61)
[1.972s][info][gc,heap       ] GC(5) Survivor regions: 3->5(6)
[1.972s][info][gc,heap       ] GC(5) Old regions: 6->6
[1.972s][info][gc,heap       ] GC(5) Humongous regions: 0->0
[1.972s][info][gc,metaspace  ] GC(5) Metaspace: 27055K->27055K(1073152K)
[1.972s][info][gc            ] GC(5) Pause Young (Normal) (G1 Evacuation Pause) 47M->10M(154M) 9.731ms
[1.972s][info][gc,cpu        ] GC(5) User=0.02s Sys=0.00s Real=0.01s
[2.815s][info][gc,start      ] GC(6) Pause Young (Normal) (G1 Evacuation Pause)
[2.815s][info][gc,task       ] GC(6) Using 3 workers of 4 for evacuation
[2.825s][info][gc,phases     ] GC(6)   Pre Evacuate Collection Set: 0.0ms
[2.825s][info][gc,phases     ] GC(6)   Evacuate Collection Set: 9.5ms
[2.825s][info][gc,phases     ] GC(6)   Post Evacuate Collection Set: 0.3ms
[2.825s][info][gc,phases     ] GC(6)   Other: 0.2ms
[2.825s][info][gc,heap       ] GC(6) Eden regions: 61->0(74)
[2.825s][info][gc,heap       ] GC(6) Survivor regions: 5->8(9)
[2.825s][info][gc,heap       ] GC(6) Old regions: 6->6
[2.825s][info][gc,heap       ] GC(6) Humongous regions: 0->0
[2.825s][info][gc,metaspace  ] GC(6) Metaspace: 32534K->32534K(1079296K)
[2.825s][info][gc            ] GC(6) Pause Young (Normal) (G1 Evacuation Pause) 71M->13M(154M) 10.042ms
[2.825s][info][gc,cpu        ] GC(6) User=0.02s Sys=0.00s Real=0.01s
[3.128s][info][gc,start      ] GC(7) Pause Young (Concurrent Start) (Metadata GC Threshold)
[3.128s][info][gc,task       ] GC(7) Using 3 workers of 4 for evacuation
[3.144s][info][gc,phases     ] GC(7)   Pre Evacuate Collection Set: 0.1ms
[3.144s][info][gc,phases     ] GC(7)   Evacuate Collection Set: 15.5ms
[3.144s][info][gc,phases     ] GC(7)   Post Evacuate Collection Set: 0.2ms
[3.144s][info][gc,phases     ] GC(7)   Other: 0.1ms
[3.144s][info][gc,heap       ] GC(7) Eden regions: 29->0(67)
[3.144s][info][gc,heap       ] GC(7) Survivor regions: 8->8(11)
[3.144s][info][gc,heap       ] GC(7) Old regions: 6->9
[3.144s][info][gc,heap       ] GC(7) Humongous regions: 0->0
[3.144s][info][gc,metaspace  ] GC(7) Metaspace: 34835K->34835K(1081344K)
[3.144s][info][gc            ] GC(7) Pause Young (Concurrent Start) (Metadata GC Threshold) 42M->16M(154M) 16.014ms
[3.144s][info][gc,cpu        ] GC(7) User=0.03s Sys=0.00s Real=0.02s
[3.144s][info][gc            ] GC(8) Concurrent Cycle
[3.144s][info][gc,marking    ] GC(8) Concurrent Clear Claimed Marks
[3.144s][info][gc,marking    ] GC(8) Concurrent Clear Claimed Marks 0.063ms
[3.144s][info][gc,marking    ] GC(8) Concurrent Scan Root Regions
[3.150s][info][gc,marking    ] GC(8) Concurrent Scan Root Regions 5.803ms
[3.150s][info][gc,marking    ] GC(8) Concurrent Mark (3.150s)
[3.150s][info][gc,marking    ] GC(8) Concurrent Mark From Roots
[3.150s][info][gc,task       ] GC(8) Using 1 workers of 1 for marking
[3.159s][info][gc,marking    ] GC(8) Concurrent Mark From Roots 8.923ms
[3.159s][info][gc,marking    ] GC(8) Concurrent Preclean
[3.159s][info][gc,marking    ] GC(8) Concurrent Preclean 0.032ms
[3.159s][info][gc,marking    ] GC(8) Concurrent Mark (3.150s, 3.159s) 9.005ms
[3.159s][info][gc,start      ] GC(8) Pause Remark
[3.163s][info][gc,stringtable] GC(8) Cleaned string and symbol table, strings: 17574 processed, 0 removed, symbols: 120216 processed, 298 removed
[3.163s][info][gc            ] GC(8) Pause Remark 17M->17M(154M) 3.495ms
[3.163s][info][gc,cpu        ] GC(8) User=0.01s Sys=0.00s Real=0.00s
[3.163s][info][gc,marking    ] GC(8) Concurrent Rebuild Remembered Sets
[3.168s][info][gc,marking    ] GC(8) Concurrent Rebuild Remembered Sets 5.668ms
[3.169s][info][gc,start      ] GC(8) Pause Cleanup
[3.169s][info][gc            ] GC(8) Pause Cleanup 18M->18M(154M) 0.053ms
[3.169s][info][gc,cpu        ] GC(8) User=0.00s Sys=0.00s Real=0.00s
[3.169s][info][gc,marking    ] GC(8) Concurrent Cleanup for Next Mark
[3.170s][info][gc,marking    ] GC(8) Concurrent Cleanup for Next Mark 1.522ms
[3.170s][info][gc            ] GC(8) Concurrent Cycle 26.111ms
[4.152s][info][gc,start      ] GC(9) Pause Young (Normal) (G1 Evacuation Pause)
[4.152s][info][gc,task       ] GC(9) Using 4 workers of 4 for evacuation
[4.177s][info][gc,phases     ] GC(9)   Pre Evacuate Collection Set: 0.0ms
[4.177s][info][gc,phases     ] GC(9)   Evacuate Collection Set: 25.0ms
[4.177s][info][gc,phases     ] GC(9)   Post Evacuate Collection Set: 0.3ms
[4.177s][info][gc,phases     ] GC(9)   Other: 0.1ms
[4.177s][info][gc,heap       ] GC(9) Eden regions: 67->0(72)
[4.177s][info][gc,heap       ] GC(9) Survivor regions: 8->10(10)
[4.177s][info][gc,heap       ] GC(9) Old regions: 9->14
[4.177s][info][gc,heap       ] GC(9) Humongous regions: 0->0
[4.177s][info][gc,metaspace  ] GC(9) Metaspace: 42345K->42345K(1087488K)
[4.177s][info][gc            ] GC(9) Pause Young (Normal) (G1 Evacuation Pause) 83M->23M(154M) 25.575ms
[4.178s][info][gc,cpu        ] GC(9) User=0.04s Sys=0.01s Real=0.03s
[105.723s][info][gc,heap,exit  ] Heap
[105.724s][info][gc,heap,exit  ]  garbage-first heap   total 157696K, used 89439K [0x0000000780000000, 0x0000000800000000)
[105.724s][info][gc,heap,exit  ]   region size 1024K, 76 young (77824K), 10 survivors (10240K)
[105.724s][info][gc,heap,exit  ]  Metaspace       used 46419K, capacity 47843K, committed 48124K, reserved 1091584K
[105.724s][info][gc,heap,exit  ]   class space    used 5878K, capacity 6440K, committed 6476K, reserved 1048576K
