[0.013s][info][gc,heap] Heap region size: 1M
[0.015s][info][gc     ] Using G1
[0.015s][info][gc,heap,coops] Heap address: 0x0000000780000000, size: 2048 MB, Compressed Oops mode: Zero based, Oop shift amount: 3
[0.775s][info][gc,start     ] GC(0) Pause Young (Normal) (G1 Evacuation Pause)
[0.775s][info][gc,task      ] GC(0) Using 3 workers of 4 for evacuation
[0.782s][info][gc,phases    ] GC(0)   Pre Evacuate Collection Set: 0.0ms
[0.782s][info][gc,phases    ] GC(0)   Evacuate Collection Set: 6.2ms
[0.782s][info][gc,phases    ] GC(0)   Post Evacuate Collection Set: 0.3ms
[0.782s][info][gc,phases    ] GC(0)   Other: 0.3ms
[0.782s][info][gc,heap      ] GC(0) Eden regions: 14->0(24)
[0.782s][info][gc,heap      ] GC(0) Survivor regions: 0->2(2)
[0.782s][info][gc,heap      ] GC(0) Old regions: 0->4
[0.782s][info][gc,heap      ] GC(0) Humongous regions: 0->0
[0.782s][info][gc,metaspace ] GC(0) Metaspace: 12638K->12638K(1060864K)
[0.782s][info][gc           ] GC(0) Pause Young (Normal) (G1 Evacuation Pause) 14M->5M(128M) 6.938ms
[0.782s][info][gc,cpu       ] GC(0) User=0.01s Sys=0.00s Real=0.01s
[0.996s][info][gc,start     ] GC(1) Pause Young (Normal) (G1 Evacuation Pause)
[0.996s][info][gc,task      ] GC(1) Using 4 workers of 4 for evacuation
[1.002s][info][gc,phases    ] GC(1)   Pre Evacuate Collection Set: 0.0ms
[1.002s][info][gc,phases    ] GC(1)   Evacuate Collection Set: 4.8ms
[1.002s][info][gc,phases    ] GC(1)   Post Evacuate Collection Set: 1.1ms
[1.002s][info][gc,phases    ] GC(1)   Other: 0.2ms
[1.002s][info][gc,heap      ] GC(1) Eden regions: 14->0(27)
[1.002s][info][gc,heap      ] GC(1) Survivor regions: 2->2(2)
[1.002s][info][gc,heap      ] GC(1) Old regions: 4->6
[1.002s][info][gc,heap      ] GC(1) Humongous regions: 0->0
[1.002s][info][gc,metaspace ] GC(1) Metaspace: 16080K->16080K(1064960K)
[1.002s][info][gc           ] GC(1) Pause Young (Normal) (G1 Evacuation Pause) 19M->7M(128M) 6.343ms
[1.002s][info][gc,cpu       ] GC(1) User=0.01s Sys=0.01s Real=0.01s
[1.141s][info][gc,start     ] GC(2) Pause Young (Concurrent Start) (Metadata GC Threshold)
[1.141s][info][gc,task      ] GC(2) Using 4 workers of 4 for evacuation
[1.145s][info][gc,phases    ] GC(2)   Pre Evacuate Collection Set: 0.0ms
[1.145s][info][gc,phases    ] GC(2)   Evacuate Collection Set: 3.5ms
[1.145s][info][gc,phases    ] GC(2)   Post Evacuate Collection Set: 0.1ms
[1.145s][info][gc,phases    ] GC(2)   Other: 0.2ms
[1.145s][info][gc,heap      ] GC(2) Eden regions: 23->0(43)
[1.145s][info][gc,heap      ] GC(2) Survivor regions: 2->3(4)
[1.145s][info][gc,heap      ] GC(2) Old regions: 6->6
[1.145s][info][gc,heap      ] GC(2) Humongous regions: 0->0
[1.145s][info][gc,metaspace ] GC(2) Metaspace: 20546K->20546K(1069056K)
[1.145s][info][gc           ] GC(2) Pause Young (Concurrent Start) (Metadata GC Threshold) 29M->8M(128M) 3.966ms
[1.145s][info][gc,cpu       ] GC(2) User=0.01s Sys=0.01s Real=0.00s
[1.145s][info][gc           ] GC(3) Concurrent Cycle
[1.145s][info][gc,marking   ] GC(3) Concurrent Clear Claimed Marks
[1.145s][info][gc,marking   ] GC(3) Concurrent Clear Claimed Marks 0.037ms
[1.145s][info][gc,marking   ] GC(3) Concurrent Scan Root Regions
[1.148s][info][gc,marking   ] GC(3) Concurrent Scan Root Regions 3.444ms
[1.149s][info][gc,marking   ] GC(3) Concurrent Mark (1.149s)
[1.149s][info][gc,marking   ] GC(3) Concurrent Mark From Roots
[1.149s][info][gc,task      ] GC(3) Using 1 workers of 1 for marking
[1.155s][info][gc,marking   ] GC(3) Concurrent Mark From Roots 6.508ms
[1.155s][info][gc,marking   ] GC(3) Concurrent Preclean
[1.155s][info][gc,marking   ] GC(3) Concurrent Preclean 0.044ms
[1.155s][info][gc,marking   ] GC(3) Concurrent Mark (1.149s, 1.155s) 6.617ms
[1.155s][info][gc,start     ] GC(3) Pause Remark
[1.158s][info][gc,stringtable] GC(3) Cleaned string and symbol table, strings: 8908 processed, 5 removed, symbols: 69327 processed, 53 removed
[1.158s][info][gc            ] GC(3) Pause Remark 9M->9M(128M) 2.822ms
[1.158s][info][gc,cpu        ] GC(3) User=0.01s Sys=0.00s Real=0.01s
[1.158s][info][gc,marking    ] GC(3) Concurrent Rebuild Remembered Sets
[1.162s][info][gc,marking    ] GC(3) Concurrent Rebuild Remembered Sets 3.864ms
[1.162s][info][gc,start      ] GC(3) Pause Cleanup
[1.162s][info][gc            ] GC(3) Pause Cleanup 10M->10M(128M) 0.061ms
[1.162s][info][gc,cpu        ] GC(3) User=0.00s Sys=0.00s Real=0.00s
[1.162s][info][gc,marking    ] GC(3) Concurrent Cleanup for Next Mark
[1.164s][info][gc,marking    ] GC(3) Concurrent Cleanup for Next Mark 1.244ms
[1.164s][info][gc            ] GC(3) Concurrent Cycle 18.706ms
[1.802s][info][gc,start      ] GC(4) Pause Young (Normal) (G1 Evacuation Pause)
[1.802s][info][gc,task       ] GC(4) Using 3 workers of 4 for evacuation
[1.811s][info][gc,phases     ] GC(4)   Pre Evacuate Collection Set: 0.0ms
[1.811s][info][gc,phases     ] GC(4)   Evacuate Collection Set: 9.0ms
[1.811s][info][gc,phases     ] GC(4)   Post Evacuate Collection Set: 0.3ms
[1.811s][info][gc,phases     ] GC(4)   Other: 0.2ms
[1.811s][info][gc,heap       ] GC(4) Eden regions: 43->0(58)
[1.811s][info][gc,heap       ] GC(4) Survivor regions: 3->5(6)
[1.811s][info][gc,heap       ] GC(4) Old regions: 6->6
[1.811s][info][gc,heap       ] GC(4) Humongous regions: 0->0
[1.811s][info][gc,metaspace  ] GC(4) Metaspace: 27326K->27326K(1073152K)
[1.811s][info][gc            ] GC(4) Pause Young (Normal) (G1 Evacuation Pause) 51M->10M(128M) 9.543ms
[1.811s][info][gc,cpu        ] GC(4) User=0.02s Sys=0.01s Real=0.01s
[2.458s][info][gc,start      ] GC(5) Pause Young (Normal) (G1 Evacuation Pause)
[2.458s][info][gc,task       ] GC(5) Using 3 workers of 4 for evacuation
[2.468s][info][gc,phases     ] GC(5)   Pre Evacuate Collection Set: 0.0ms
[2.468s][info][gc,phases     ] GC(5)   Evacuate Collection Set: 9.3ms
[2.468s][info][gc,phases     ] GC(5)   Post Evacuate Collection Set: 0.5ms
[2.468s][info][gc,phases     ] GC(5)   Other: 0.1ms
[2.468s][info][gc,heap       ] GC(5) Eden regions: 58->0(72)
[2.468s][info][gc,heap       ] GC(5) Survivor regions: 5->7(8)
[2.468s][info][gc,heap       ] GC(5) Old regions: 6->7
[2.468s][info][gc,heap       ] GC(5) Humongous regions: 0->0
[2.468s][info][gc,metaspace  ] GC(5) Metaspace: 32728K->32728K(1079296K)
[2.468s][info][gc            ] GC(5) Pause Young (Normal) (G1 Evacuation Pause) 68M->13M(154M) 10.074ms
[2.468s][info][gc,cpu        ] GC(5) User=0.02s Sys=0.01s Real=0.01s
[2.737s][info][gc,start      ] GC(6) Pause Young (Concurrent Start) (Metadata GC Threshold)
[2.737s][info][gc,task       ] GC(6) Using 3 workers of 4 for evacuation
[2.750s][info][gc,phases     ] GC(6)   Pre Evacuate Collection Set: 0.1ms
[2.750s][info][gc,phases     ] GC(6)   Evacuate Collection Set: 12.5ms
[2.750s][info][gc,phases     ] GC(6)   Post Evacuate Collection Set: 0.2ms
[2.750s][info][gc,phases     ] GC(6)   Other: 0.1ms
[2.750s][info][gc,heap       ] GC(6) Eden regions: 26->0(66)
[2.750s][info][gc,heap       ] GC(6) Survivor regions: 7->6(10)
[2.750s][info][gc,heap       ] GC(6) Old regions: 7->11
[2.750s][info][gc,heap       ] GC(6) Humongous regions: 0->0
[2.750s][info][gc,metaspace  ] GC(6) Metaspace: 34845K->34845K(1081344K)
[2.750s][info][gc            ] GC(6) Pause Young (Concurrent Start) (Metadata GC Threshold) 39M->15M(154M) 13.002ms
[2.750s][info][gc,cpu        ] GC(6) User=0.03s Sys=0.00s Real=0.01s
[2.750s][info][gc            ] GC(7) Concurrent Cycle
[2.750s][info][gc,marking    ] GC(7) Concurrent Clear Claimed Marks
[2.750s][info][gc,marking    ] GC(7) Concurrent Clear Claimed Marks 0.062ms
[2.750s][info][gc,marking    ] GC(7) Concurrent Scan Root Regions
[2.754s][info][gc,marking    ] GC(7) Concurrent Scan Root Regions 4.050ms
[2.754s][info][gc,marking    ] GC(7) Concurrent Mark (2.754s)
[2.754s][info][gc,marking    ] GC(7) Concurrent Mark From Roots
[2.754s][info][gc,task       ] GC(7) Using 1 workers of 1 for marking
[2.767s][info][gc,marking    ] GC(7) Concurrent Mark From Roots 13.008ms
[2.767s][info][gc,marking    ] GC(7) Concurrent Preclean
[2.767s][info][gc,marking    ] GC(7) Concurrent Preclean 0.041ms
[2.767s][info][gc,marking    ] GC(7) Concurrent Mark (2.754s, 2.767s) 13.102ms
[2.767s][info][gc,start      ] GC(7) Pause Remark
[2.771s][info][gc,stringtable] GC(7) Cleaned string and symbol table, strings: 17448 processed, 4 removed, symbols: 120008 processed, 300 removed
[2.771s][info][gc            ] GC(7) Pause Remark 17M->17M(154M) 3.463ms
[2.771s][info][gc,cpu        ] GC(7) User=0.01s Sys=0.01s Real=0.00s
[2.771s][info][gc,marking    ] GC(7) Concurrent Rebuild Remembered Sets
[2.779s][info][gc,marking    ] GC(7) Concurrent Rebuild Remembered Sets 7.747ms
[2.779s][info][gc,start      ] GC(7) Pause Cleanup
[2.779s][info][gc            ] GC(7) Pause Cleanup 18M->18M(154M) 0.049ms
[2.779s][info][gc,cpu        ] GC(7) User=0.00s Sys=0.00s Real=0.00s
[2.779s][info][gc,marking    ] GC(7) Concurrent Cleanup for Next Mark
[2.780s][info][gc,marking    ] GC(7) Concurrent Cleanup for Next Mark 1.552ms
[2.781s][info][gc            ] GC(7) Concurrent Cycle 30.417ms
[3.526s][info][gc,start      ] GC(8) Pause Young (Normal) (G1 Evacuation Pause)
[3.529s][info][gc,task       ] GC(8) Using 4 workers of 4 for evacuation
[3.541s][info][gc,phases     ] GC(8)   Pre Evacuate Collection Set: 0.0ms
[3.542s][info][gc,phases     ] GC(8)   Evacuate Collection Set: 11.8ms
[3.542s][info][gc,phases     ] GC(8)   Post Evacuate Collection Set: 0.2ms
[3.542s][info][gc,phases     ] GC(8)   Other: 3.0ms
[3.542s][info][gc,heap       ] GC(8) Eden regions: 66->0(82)
[3.542s][info][gc,heap       ] GC(8) Survivor regions: 6->9(9)
[3.542s][info][gc,heap       ] GC(8) Old regions: 11->14
[3.542s][info][gc,heap       ] GC(8) Humongous regions: 0->0
[3.542s][info][gc,metaspace  ] GC(8) Metaspace: 42492K->42492K(1087488K)
[3.542s][info][gc            ] GC(8) Pause Young (Normal) (G1 Evacuation Pause) 81M->22M(154M) 15.203ms
[3.542s][info][gc,cpu        ] GC(8) User=0.05s Sys=0.00s Real=0.02s
[22.598s][info][gc,start      ] GC(9) Pause Young (Normal) (G1 Evacuation Pause)
[22.606s][info][gc,task       ] GC(9) Using 4 workers of 4 for evacuation
[22.626s][info][gc,phases     ] GC(9)   Pre Evacuate Collection Set: 0.0ms
[22.626s][info][gc,phases     ] GC(9)   Evacuate Collection Set: 19.7ms
[22.626s][info][gc,phases     ] GC(9)   Post Evacuate Collection Set: 0.3ms
[22.626s][info][gc,phases     ] GC(9)   Other: 8.6ms
[22.626s][info][gc,heap       ] GC(9) Eden regions: 82->0(81)
[22.626s][info][gc,heap       ] GC(9) Survivor regions: 9->5(12)
[22.626s][info][gc,heap       ] GC(9) Old regions: 14->22
[22.626s][info][gc,heap       ] GC(9) Humongous regions: 0->0
[22.626s][info][gc,metaspace  ] GC(9) Metaspace: 47950K->47950K(1091584K)
[22.626s][info][gc            ] GC(9) Pause Young (Normal) (G1 Evacuation Pause) 104M->26M(154M) 28.716ms
[22.626s][info][gc,cpu        ] GC(9) User=0.06s Sys=0.01s Real=0.02s
[398.067s][info][gc,heap,exit  ] Heap
[398.067s][info][gc,heap,exit  ]  garbage-first heap   total 157696K, used 65245K [0x0000000780000000, 0x0000000800000000)
[398.067s][info][gc,heap,exit  ]   region size 1024K, 43 young (44032K), 5 survivors (5120K)
[398.067s][info][gc,heap,exit  ]  Metaspace       used 48387K, capacity 49827K, committed 50172K, reserved 1093632K
[398.067s][info][gc,heap,exit  ]   class space    used 6119K, capacity 6710K, committed 6732K, reserved 1048576K
