[0.057s][info][gc,heap] Heap region size: 1M
[0.063s][info][gc     ] Using G1
[0.063s][info][gc,heap,coops] Heap address: 0x0000000780000000, size: 2048 MB, Compressed Oops mode: Zero based, Oop shift amount: 3
[0.589s][info][gc,start     ] GC(0) Pause Young (Normal) (G1 Evacuation Pause)
[0.590s][info][gc,task      ] GC(0) Using 3 workers of 4 for evacuation
[0.596s][info][gc,phases    ] GC(0)   Pre Evacuate Collection Set: 0.0ms
[0.596s][info][gc,phases    ] GC(0)   Evacuate Collection Set: 5.6ms
[0.596s][info][gc,phases    ] GC(0)   Post Evacuate Collection Set: 0.3ms
[0.596s][info][gc,phases    ] GC(0)   Other: 0.3ms
[0.596s][info][gc,heap      ] GC(0) Eden regions: 14->0(12)
[0.596s][info][gc,heap      ] GC(0) Survivor regions: 0->2(2)
[0.596s][info][gc,heap      ] GC(0) Old regions: 0->4
[0.596s][info][gc,heap      ] GC(0) Humongous regions: 0->0
[0.596s][info][gc,metaspace ] GC(0) Metaspace: 12647K->12647K(1060864K)
[0.596s][info][gc           ] GC(0) Pause Young (Normal) (G1 Evacuation Pause) 14M->5M(128M) 6.276ms
[0.596s][info][gc,cpu       ] GC(0) User=0.01s Sys=0.00s Real=0.00s
[0.736s][info][gc,start     ] GC(1) Pause Young (Normal) (G1 Evacuation Pause)
[0.736s][info][gc,task      ] GC(1) Using 3 workers of 4 for evacuation
[0.741s][info][gc,phases    ] GC(1)   Pre Evacuate Collection Set: 0.0ms
[0.741s][info][gc,phases    ] GC(1)   Evacuate Collection Set: 4.2ms
[0.741s][info][gc,phases    ] GC(1)   Post Evacuate Collection Set: 0.3ms
[0.741s][info][gc,phases    ] GC(1)   Other: 0.2ms
[0.741s][info][gc,heap      ] GC(1) Eden regions: 6->0(50)
[0.741s][info][gc,heap      ] GC(1) Survivor regions: 2->1(1)
[0.741s][info][gc,heap      ] GC(1) Old regions: 4->6
[0.741s][info][gc,heap      ] GC(1) Humongous regions: 0->0
[0.741s][info][gc,metaspace ] GC(1) Metaspace: 14470K->14470K(1062912K)
[0.741s][info][gc           ] GC(1) Pause Young (Normal) (G1 Evacuation Pause) 11M->6M(128M) 4.981ms
[0.741s][info][gc,cpu       ] GC(1) User=0.02s Sys=0.00s Real=0.01s
[1.114s][info][gc,start     ] GC(2) Pause Young (Concurrent Start) (Metadata GC Threshold)
[1.115s][info][gc,task      ] GC(2) Using 4 workers of 4 for evacuation
[1.119s][info][gc,phases    ] GC(2)   Pre Evacuate Collection Set: 0.0ms
[1.119s][info][gc,phases    ] GC(2)   Evacuate Collection Set: 3.6ms
[1.119s][info][gc,phases    ] GC(2)   Post Evacuate Collection Set: 0.7ms
[1.119s][info][gc,phases    ] GC(2)   Other: 0.3ms
[1.119s][info][gc,heap      ] GC(2) Eden regions: 32->0(41)
[1.119s][info][gc,heap      ] GC(2) Survivor regions: 1->3(7)
[1.119s][info][gc,heap      ] GC(2) Old regions: 6->6
[1.119s][info][gc,heap      ] GC(2) Humongous regions: 0->0
[1.119s][info][gc,metaspace ] GC(2) Metaspace: 20514K->20514K(1069056K)
[1.119s][info][gc           ] GC(2) Pause Young (Concurrent Start) (Metadata GC Threshold) 37M->8M(128M) 4.767ms
[1.119s][info][gc,cpu       ] GC(2) User=0.01s Sys=0.00s Real=0.01s
[1.119s][info][gc           ] GC(3) Concurrent Cycle
[1.119s][info][gc,marking   ] GC(3) Concurrent Clear Claimed Marks
[1.119s][info][gc,marking   ] GC(3) Concurrent Clear Claimed Marks 0.043ms
[1.119s][info][gc,marking   ] GC(3) Concurrent Scan Root Regions
[1.122s][info][gc,marking   ] GC(3) Concurrent Scan Root Regions 2.807ms
[1.122s][info][gc,marking   ] GC(3) Concurrent Mark (1.122s)
[1.122s][info][gc,marking   ] GC(3) Concurrent Mark From Roots
[1.122s][info][gc,task      ] GC(3) Using 1 workers of 1 for marking
[1.129s][info][gc,marking   ] GC(3) Concurrent Mark From Roots 7.085ms
[1.129s][info][gc,marking   ] GC(3) Concurrent Preclean
[1.129s][info][gc,marking   ] GC(3) Concurrent Preclean 0.052ms
[1.129s][info][gc,marking   ] GC(3) Concurrent Mark (1.122s, 1.129s) 7.210ms
[1.130s][info][gc,start     ] GC(3) Pause Remark
[1.132s][info][gc,stringtable] GC(3) Cleaned string and symbol table, strings: 8828 processed, 6 removed, symbols: 68971 processed, 51 removed
[1.132s][info][gc            ] GC(3) Pause Remark 10M->10M(128M) 2.501ms
[1.132s][info][gc,cpu        ] GC(3) User=0.01s Sys=0.00s Real=0.00s
[1.132s][info][gc,marking    ] GC(3) Concurrent Rebuild Remembered Sets
[1.136s][info][gc,marking    ] GC(3) Concurrent Rebuild Remembered Sets 3.600ms
[1.136s][info][gc,start      ] GC(3) Pause Cleanup
[1.136s][info][gc            ] GC(3) Pause Cleanup 10M->10M(128M) 0.053ms
[1.136s][info][gc,cpu        ] GC(3) User=0.00s Sys=0.00s Real=0.00s
[1.136s][info][gc,marking    ] GC(3) Concurrent Cleanup for Next Mark
[1.137s][info][gc,marking    ] GC(3) Concurrent Cleanup for Next Mark 1.274ms
[1.137s][info][gc            ] GC(3) Concurrent Cycle 18.228ms
[1.643s][info][gc,start      ] GC(4) Pause Young (Normal) (G1 Evacuation Pause)
[1.643s][info][gc,task       ] GC(4) Using 3 workers of 4 for evacuation
[1.650s][info][gc,phases     ] GC(4)   Pre Evacuate Collection Set: 0.0ms
[1.650s][info][gc,phases     ] GC(4)   Evacuate Collection Set: 7.1ms
[1.650s][info][gc,phases     ] GC(4)   Post Evacuate Collection Set: 0.3ms
[1.650s][info][gc,phases     ] GC(4)   Other: 0.1ms
[1.650s][info][gc,heap       ] GC(4) Eden regions: 41->0(56)
[1.650s][info][gc,heap       ] GC(4) Survivor regions: 3->5(6)
[1.650s][info][gc,heap       ] GC(4) Old regions: 6->6
[1.650s][info][gc,heap       ] GC(4) Humongous regions: 0->0
[1.650s][info][gc,metaspace  ] GC(4) Metaspace: 27185K->27185K(1073152K)
[1.650s][info][gc            ] GC(4) Pause Young (Normal) (G1 Evacuation Pause) 49M->10M(128M) 7.641ms
[1.650s][info][gc,cpu        ] GC(4) User=0.01s Sys=0.00s Real=0.01s
[1.693s][info][gc,heap,exit  ] Heap
[1.693s][info][gc,heap,exit  ]  garbage-first heap   total 131072K, used 12478K [0x0000000780000000, 0x0000000800000000)
[1.693s][info][gc,heap,exit  ]   region size 1024K, 8 young (8192K), 5 survivors (5120K)
[1.693s][info][gc,heap,exit  ]  Metaspace       used 27363K, capacity 28171K, committed 28288K, reserved 1073152K
[1.693s][info][gc,heap,exit  ]   class space    used 3351K, capacity 3648K, committed 3712K, reserved 1048576K
